[www.inkthemesdemo.com/wptheme/marriage-hall-wordpress-theme/index.html]
[backblue.gif]
[fade.gif]
[index.html]
[www.inkthemesdemo.com/wptheme/marriage-hall-wordpress-theme/wp-content/plugins/leadup/css/leads-front5010.css]
[www.inkthemesdemo.com/wptheme/marriage-hall-wordpress-theme/feed/index.html]
[www.inkthemesdemo.com/wptheme/marriage-hall-wordpress-theme/wp-content/plugins/woocommerce/assets/css/woocommerce-layout1aae.css]
[www.inkthemesdemo.com/wptheme/marriage-hall-wordpress-theme/comments/feed/index.html]
[www.inkthemesdemo.com/wptheme/marriage-hall-wordpress-theme/wp-content/plugins/woocommerce/assets/css/woocommerce-smallscreen1aae.css]
[www.inkthemesdemo.com/wptheme/marriage-hall-wordpress-theme/wp-content/plugins/woocommerce/assets/css/woocommerce1aae.css]
[www.inkthemesdemo.com/wptheme/marriage-hall-wordpress-theme/wp-content/themes/butterbelly-pro/assets/css/bootstrap5010.css]
[www.inkthemesdemo.com/wptheme/marriage-hall-wordpress-theme/wp-content/themes/butterbelly-pro/assets/css/font-awesome5010.css]
[www.inkthemesdemo.com/wptheme/marriage-hall-wordpress-theme/wp-content/themes/butterbelly-pro/assets/css/reset5010.css]
[www.inkthemesdemo.com/wptheme/marriage-hall-wordpress-theme/wp-content/themes/butterbelly-pro/assets/css/prettyPhoto5010.css]
[www.inkthemesdemo.com/wptheme/marriage-hall-wordpress-theme/wp-content/themes/butterbelly-pro/style5010.css]
[www.inkthemesdemo.com/wptheme/marriage-hall-wordpress-theme/wp-content/themes/butterbelly-pro/assets/css/woocommerce5010.css]
[www.inkthemesdemo.com/wptheme/marriage-hall-wordpress-theme/wp-content/themes/butterbelly-pro/assets/css/color/purple5010.css]
[www.inkthemesdemo.com/wptheme/marriage-hall-wordpress-theme/wp-content/themes/butterbelly-pro/assets/css/shortcode5010.css]
[www.inkthemesdemo.com/wptheme/marriage-hall-wordpress-theme/wp-content/themes/butterbelly-pro/assets/css/responsive5010.css]
[www.inkthemesdemo.com/wptheme/marriage-hall-wordpress-theme/wp-content/themes/butterbelly-pro/assets/css/meanmenu5010.css]
[www.inkthemesdemo.com/wptheme/marriage-hall-wordpress-theme/wp-content/themes/butterbelly-pro/assets/css/gallery5010.css]
[www.google.com/recaptcha/api5010.js]
[www.inkthemesdemo.com/wptheme/marriage-hall-wordpress-theme/wp-content/themes/butterbelly-pro/assets/css/zoombox-gal5010.css]
[www.inkthemesdemo.com/wptheme/marriage-hall-wordpress-theme/wp-includes/js/jquery/jqueryb8ff.js]
[www.inkthemesdemo.com/wptheme/marriage-hall-wordpress-theme/wp-includes/js/jquery/jquery-migrate.min330a.js]
[cdn.jsdelivr.net/jquery.validation/1.15.1/jquery.validate.min5010.js]
[www.inkthemesdemo.com/wptheme/marriage-hall-wordpress-theme/wp-content/plugins/leadup/js/form-validation5010.js]
[www.inkthemesdemo.com/wptheme/marriage-hall-wordpress-theme/xmlrpc0db0.php]
[www.inkthemesdemo.com/wptheme/marriage-hall-wordpress-theme/wp-json/index.html]
[www.inkthemesdemo.com/wptheme/marriage-hall-wordpress-theme/wp-includes/wlwmanifest.xml]
[www.inkthemesdemo.com/wptheme/marriage-hall-wordpress-theme/wp-content/uploads/sites/591/2016/08/favicon.png]
[www.inkthemesdemo.com/wptheme/marriage-hall-wordpress-theme/wp-admin/css/color-picker.min5010.css]
[www.inkthemesdemo.com/wptheme/marriage-hall-wordpress-theme/wp-content/plugins/nextgen-gallery/products/photocrati_nextgen/modules/widget/static/widgets.min952b.css]
[www.inkthemesdemo.com/wptheme/marriage-hall-wordpress-theme/wp-content/plugins/nextgen-gallery/products/photocrati_nextgen/modules/nextgen_gallery_display/static/trigger_buttons.min952b.css]
[www.inkthemesdemo.com/wptheme/marriage-hall-wordpress-theme/wp-content/plugins/nextgen-gallery/products/photocrati_nextgen/modules/nextgen_basic_gallery/static/thumbnails/nextgen_basic_thumbnails.min.1b952b]
[www.inkthemesdemo.com/wptheme/marriage-hall-wordpress-theme/wp-content/plugins/nextgen-gallery/products/photocrati_nextgen/modules/lightbox/static/fancybox/jquery.fancybox-1.3.4.min952b.css]
[use.fontawesome.com/releases/v5.3.1/css/v4-shims5010.css]
[use.fontawesome.com/releases/v5.3.1/css/all5010.css]
[www.inkthemesdemo.com/wptheme/marriage-hall-wordpress-theme/wp-content/plugins/nextgen-gallery/products/photocrati_nextgen/modules/nextgen_pagination/static/style.min952b.css]
[www.inkthemesdemo.com/wptheme/marriage-hall-wordpress-theme/wp-content/uploads/sites/591/2016/08/welcomehalllogo23.png]
[www.inkthemesdemo.com/wptheme/marriage-hall-wordpress-theme/about-us/index.html]
[www.inkthemesdemo.com/wptheme/marriage-hall-wordpress-theme/sample-page/anniversary-plan/index.html]
[www.inkthemesdemo.com/wptheme/marriage-hall-wordpress-theme/wp-content/uploads/sites/591/2016/08/Slider1.jpg]
[www.inkthemesdemo.com/wptheme/marriage-hall-wordpress-theme/blog/index.html]
[www.inkthemesdemo.com/wptheme/marriage-hall-wordpress-theme/sample-page/bday-bash/index.html]
[www.inkthemesdemo.com/wptheme/marriage-hall-wordpress-theme/sample-page/wedding-planer/index.html]
[www.inkthemesdemo.com/wptheme/marriage-hall-wordpress-theme/wp-content/uploads/sites/591/2016/08/Slider2.jpg]
[www.inkthemesdemo.com/wptheme/marriage-hall-wordpress-theme/gallery/index.html]
[www.inkthemesdemo.com/wptheme/marriage-hall-wordpress-theme/contact-us/index.html]
[www.inkthemesdemo.com/wptheme/marriage-hall-wordpress-theme/2016/08/24/how-to-make-sure-she-says-yes/index.html]
[www.inkthemesdemo.com/wptheme/marriage-hall-wordpress-theme/2016/08/24/how-to-kick-start-your-wedding-planning/index.html]
[www.inkthemesdemo.com/wptheme/marriage-hall-wordpress-theme/wp-content/uploads/sites/591/2016/08/Slider3.jpg]
[www.inkthemesdemo.com/wptheme/marriage-hall-wordpress-theme/wp-content/uploads/sites/591/2016/08/Slider4.jpg]
[www.inkthemesdemo.com/wptheme/marriage-hall-wordpress-theme/wp-content/uploads/sites/591/2016/08/Slider5.jpg]
[www.inkthemesdemo.com/wptheme/marriage-hall-wordpress-theme/wp-content/uploads/sites/591/2016/08/Slider40.jpg]
[www.inkthemesdemo.com/wptheme/marriage-hall-wordpress-theme/wp-content/uploads/sites/591/2016/08/Smal-bg1.jpg]
[www.inkthemesdemo.com/wptheme/marriage-hall-wordpress-theme/wp-content/uploads/sites/591/2016/08/Small1.jpg]
[www.inkthemesdemo.com/wptheme/marriage-hall-wordpress-theme/wp-content/uploads/sites/591/2016/08/Smal-bg2.jpg]
[www.inkthemesdemo.com/wptheme/marriage-hall-wordpress-theme/wp-content/uploads/sites/591/2016/08/Small2.jpg]
[www.inkthemesdemo.com/wptheme/marriage-hall-wordpress-theme/wp-content/uploads/sites/591/2016/08/Smal-bg3.jpg]
[www.inkthemesdemo.com/wptheme/marriage-hall-wordpress-theme/wp-content/uploads/sites/591/2016/08/Small3.jpg]
[www.inkthemesdemo.com/wptheme/marriage-hall-wordpress-theme/wp-content/uploads/sites/591/thumb-cache/e479bae70a446c568f9eeb6fa1d4ffa1-1186b1f22b17a74c1a3787ec461edfc4-353x284-100-crop.jpg]
[www.inkthemesdemo.com/wptheme/marriage-hall-wordpress-theme/2016/08/25/the-exchange/index.html]
[www.inkthemesdemo.com/wptheme/marriage-hall-wordpress-theme/wp-content/uploads/sites/591/thumb-cache/1aa22247f2bd92035b4cf8391f84e19a-4e75e4e7c9708d3d3a5628c51955ce4f-353x284-100-crop.jpg]
[www.inkthemesdemo.com/wptheme/marriage-hall-wordpress-theme/author/admin/index.html]
[www.inkthemesdemo.com/wptheme/marriage-hall-wordpress-theme/wp-content/uploads/sites/591/thumb-cache/6baf993d9d1b51e75cdd4e13d7ae061e-566b4815f3ff9fa73b18ab3fb4d5dc94-353x284-100-crop.jpg]
[www.inkthemesdemo.com/wptheme/marriage-hall-wordpress-theme/wp-content/themes/butterbelly-pro/assets/images/tw.png]
[www.inkthemesdemo.com/wptheme/marriage-hall-wordpress-theme/2016/08/24/10-ways-to-get-your-money-worth-on-weddings-day/index.html]
[www.inkthemesdemo.com/wptheme/marriage-hall-wordpress-theme/page/2/index.html]
[www.inkthemesdemo.com/wptheme/marriage-hall-wordpress-theme/wp-content/themes/butterbelly-pro/assets/images/fb.png]
[www.inkthemesdemo.com/wptheme/marriage-hall-wordpress-theme/wp-content/themes/butterbelly-pro/assets/images/rss.png]
[www.inkthemesdemo.com/wptheme/marriage-hall-wordpress-theme/wp-content/themes/butterbelly-pro/assets/images/gp.png]
[www.inkthemesdemo.com/wptheme/marriage-hall-wordpress-theme/wp-content/themes/butterbelly-pro/assets/images/pn.png]
[www.inkthemesdemo.com/wptheme/marriage-hall-wordpress-theme/wp-content/blogs.dir/591/files/Gallery/Gallery-12.jpg]
[www.inkthemesdemo.com/wptheme/marriage-hall-wordpress-theme/wp-content/blogs.dir/591/files/Gallery/thumbs/thumbs_Gallery-12.jpg]
[www.inkthemesdemo.com/wptheme/marriage-hall-wordpress-theme/wp-content/blogs.dir/591/files/Gallery/Gallery-10.jpg]
[www.inkthemesdemo.com/wptheme/marriage-hall-wordpress-theme/wp-content/blogs.dir/591/files/Gallery/thumbs/thumbs_Gallery-10.jpg]
[www.inkthemesdemo.com/wptheme/marriage-hall-wordpress-theme/wp-content/blogs.dir/591/files/Gallery/Gallery-11.jpg]
[www.inkthemesdemo.com/wptheme/marriage-hall-wordpress-theme/wp-content/blogs.dir/591/files/Gallery/thumbs/thumbs_Gallery-11.jpg]
[www.inkthemesdemo.com/wptheme/marriage-hall-wordpress-theme/wp-content/blogs.dir/591/files/Gallery/Gallery-9.jpg]
[www.inkthemesdemo.com/wptheme/marriage-hall-wordpress-theme/wp-content/blogs.dir/591/files/Gallery/thumbs/thumbs_Gallery-9.jpg]
[www.inkthemesdemo.com/wptheme/marriage-hall-wordpress-theme/wp-content/blogs.dir/591/files/Gallery/Gallery-7.jpg]
[www.inkthemesdemo.com/wptheme/marriage-hall-wordpress-theme/wp-content/blogs.dir/591/files/Gallery/thumbs/thumbs_Gallery-7.jpg]
[www.inkthemesdemo.com/wptheme/marriage-hall-wordpress-theme/wp-content/blogs.dir/591/files/Gallery/Gallery-8.jpg]
[www.inkthemesdemo.com/wptheme/marriage-hall-wordpress-theme/wp-content/blogs.dir/591/files/Gallery/thumbs/thumbs_Gallery-8.jpg]
[www.inkthemesdemo.com/wptheme/marriage-hall-wordpress-theme/wp-content/blogs.dir/591/files/Gallery/Gallery-6.jpg]
[www.inkthemesdemo.com/wptheme/marriage-hall-wordpress-theme/wp-content/blogs.dir/591/files/Gallery/thumbs/thumbs_Gallery-6.jpg]
[www.inkthemesdemo.com/wptheme/marriage-hall-wordpress-theme/wp-content/blogs.dir/591/files/Gallery/Gallery-4.jpg]
[www.inkthemesdemo.com/wptheme/marriage-hall-wordpress-theme/wp-content/blogs.dir/591/files/Gallery/thumbs/thumbs_Gallery-4.jpg]
[www.inkthemesdemo.com/wptheme/marriage-hall-wordpress-theme/wp-content/blogs.dir/591/files/Gallery/Gallery-5.jpg]
[www.inkthemesdemo.com/wptheme/marriage-hall-wordpress-theme/wp-content/blogs.dir/591/files/Gallery/thumbs/thumbs_Gallery-5.jpg]
[www.inkthemesdemo.com/wptheme/marriage-hall-wordpress-theme/wp-content/blogs.dir/591/files/Gallery/Gallery-3.jpg]
[www.inkthemesdemo.com/wptheme/marriage-hall-wordpress-theme/wp-content/blogs.dir/591/files/Gallery/thumbs/thumbs_Gallery-3.jpg]
[www.inkthemesdemo.com/wptheme/marriage-hall-wordpress-theme/wp-content/blogs.dir/591/files/Gallery/Gallery-2.jpg]
[www.inkthemesdemo.com/wptheme/marriage-hall-wordpress-theme/wp-content/blogs.dir/591/files/Gallery/thumbs/thumbs_Gallery-2.jpg]
[www.inkthemesdemo.com/wptheme/marriage-hall-wordpress-theme/wp-content/blogs.dir/591/files/Gallery/Gallery-1.jpg]
[www.inkthemesdemo.com/wptheme/marriage-hall-wordpress-theme/wp-content/blogs.dir/591/files/Gallery/thumbs/thumbs_Gallery-1.jpg]
[www.inkthemesdemo.com/wptheme/marriage-hall-wordpress-theme/wp-content/plugins/woocommerce/assets/js/jquery-blockui/jquery.blockUI.min44fd.js]
[www.inkthemesdemo.com/wptheme/marriage-hall-wordpress-theme/wp-content/plugins/woocommerce/assets/js/frontend/add-to-cart.min1aae.js]
[www.inkthemesdemo.com/wptheme/marriage-hall-wordpress-theme/wp-content/plugins/woocommerce/assets/js/js-cookie/js.cookie.min6b25.js]
[www.inkthemesdemo.com/wptheme/marriage-hall-wordpress-theme/wp-content/plugins/woocommerce/assets/js/frontend/woocommerce.min1aae.js]
[www.inkthemesdemo.com/wptheme/marriage-hall-wordpress-theme/wp-content/plugins/woocommerce/assets/js/frontend/cart-fragments.min1aae.js]
[www.inkthemesdemo.com/wptheme/marriage-hall-wordpress-theme/wp-content/themes/butterbelly-pro/assets/js/ddsmoothmenu5010.js]
[www.inkthemesdemo.com/wptheme/marriage-hall-wordpress-theme/wp-content/themes/butterbelly-pro/assets/js/jquery.flexslider-min5010.js]
[www.inkthemesdemo.com/wptheme/marriage-hall-wordpress-theme/wp-content/themes/butterbelly-pro/assets/js/jquery.smartTab5010.js]
[www.inkthemesdemo.com/wptheme/marriage-hall-wordpress-theme/wp-content/themes/butterbelly-pro/assets/js/jquery.validate.min5010.js]
[www.inkthemesdemo.com/wptheme/marriage-hall-wordpress-theme/wp-content/themes/butterbelly-pro/assets/js/jquery.meanmenu.min5010.js]
[www.inkthemesdemo.com/wptheme/marriage-hall-wordpress-theme/wp-content/themes/butterbelly-pro/assets/js/masonry.pkgd.min5010.js]
[www.inkthemesdemo.com/wptheme/marriage-hall-wordpress-theme/wp-content/themes/butterbelly-pro/assets/js/zoombox5010.js]
[www.inkthemesdemo.com/wptheme/marriage-hall-wordpress-theme/wp-content/themes/butterbelly-pro/assets/js/jquery.prettyPhoto5010.js]
[www.inkthemesdemo.com/wptheme/marriage-hall-wordpress-theme/wp-content/themes/butterbelly-pro/assets/js/custom5010.js]
[www.inkthemesdemo.com/wptheme/marriage-hall-wordpress-theme/wp-includes/js/wp-embed.min5010.js]
[www.inkthemesdemo.com/wptheme/marriage-hall-wordpress-theme/wp-content/plugins/nextgen-gallery/products/photocrati_nextgen/modules/ajax/static/ajax.min952b.js]
[www.inkthemesdemo.com/wptheme/marriage-hall-wordpress-theme/wp-content/plugins/nextgen-gallery/products/photocrati_nextgen/modules/nextgen_gallery_display/static/common.min952b.js]
[www.inkthemesdemo.com/wptheme/marriage-hall-wordpress-theme/wp-content/plugins/nextgen-gallery/products/photocrati_nextgen/modules/lightbox/static/lightbox_context.min952b.js]
[www.inkthemesdemo.com/wptheme/marriage-hall-wordpress-theme/wp-content/plugins/nextgen-gallery/products/photocrati_nextgen/modules/nextgen_basic_gallery/static/thumbnails/nextgen_basic_thumbnails.min.5f952b]
[www.inkthemesdemo.com/wptheme/marriage-hall-wordpress-theme/wp-content/plugins/nextgen-gallery/products/photocrati_nextgen/modules/lightbox/static/fancybox/jquery.easing-1.3.pack952b.js]
[www.inkthemesdemo.com/wptheme/marriage-hall-wordpress-theme/wp-content/plugins/nextgen-gallery/products/photocrati_nextgen/modules/lightbox/static/fancybox/jquery.fancybox-1.3.4.pack952b.js]
[www.inkthemesdemo.com/wptheme/marriage-hall-wordpress-theme/wp-content/plugins/nextgen-gallery/products/photocrati_nextgen/modules/lightbox/static/fancybox/nextgen_fancybox_init.min952b.js]
[use.fontawesome.com/releases/v5.3.1/js/v4-shims7923.js]
[www.inkthemesdemo.com/wptheme/marriage-hall-wordpress-theme/index.html]
[www.inkthemesdemo.com/wptheme/marriage-hall-wordpress-theme/xmlrpc.php]
[www.inkthemesdemo.com/wptheme/marriage-hall-wordpress-theme/wp-content/plugins/leadup/css/leads-front5010.css]
[www.inkthemesdemo.com/wptheme/marriage-hall-wordpress-theme/wp-content/plugins/woocommerce/assets/css/woocommerce-layout1aae.css]
[www.inkthemesdemo.com/wptheme/marriage-hall-wordpress-theme/wp-content/plugins/woocommerce/assets/css/woocommerce-smallscreen1aae.css]
[www.inkthemesdemo.com/wptheme/marriage-hall-wordpress-theme/wp-content/plugins/woocommerce/assets/fonts/star.eot]
[www.inkthemesdemo.com/wptheme/marriage-hall-wordpress-theme/wp-content/plugins/woocommerce/assets/fonts/stard41d.eot]
[www.inkthemesdemo.com/wptheme/marriage-hall-wordpress-theme/wp-content/plugins/woocommerce/assets/fonts/star.woff]
[use.fontawesome.com/releases/v5.3.1/js/all7923.js]
[www.inkthemesdemo.com/wptheme/marriage-hall-wordpress-theme/wp-content/plugins/woocommerce/assets/fonts/star.ttf]
[www.inkthemesdemo.com/wptheme/marriage-hall-wordpress-theme/wp-content/plugins/woocommerce/assets/fonts/WooCommerce.eot]
[www.inkthemesdemo.com/wptheme/marriage-hall-wordpress-theme/wp-content/plugins/woocommerce/assets/fonts/WooCommerced41d.eot]
[www.inkthemesdemo.com/wptheme/marriage-hall-wordpress-theme/wp-content/plugins/woocommerce/assets/fonts/WooCommerce.woff]
[www.inkthemesdemo.com/wptheme/marriage-hall-wordpress-theme/wp-content/plugins/woocommerce/assets/fonts/WooCommerce.ttf]
[www.inkthemesdemo.com/wptheme/marriage-hall-wordpress-theme/wp-content/plugins/woocommerce/assets/css/woocommerce1aae.css]
[www.inkthemesdemo.com/wptheme/marriage-hall-wordpress-theme/wp-content/themes/butterbelly-pro/assets/fonts/glyphicons-halflings-regular.eot]
[www.inkthemesdemo.com/wptheme/marriage-hall-wordpress-theme/wp-content/themes/butterbelly-pro/assets/fonts/glyphicons-halflings-regulard41d.eot]
[www.inkthemesdemo.com/wptheme/marriage-hall-wordpress-theme/wp-content/themes/butterbelly-pro/assets/fonts/glyphicons-halflings-regular.woff2]
[www.inkthemesdemo.com/wptheme/marriage-hall-wordpress-theme/wp-content/themes/butterbelly-pro/assets/fonts/glyphicons-halflings-regular.woff]
[www.inkthemesdemo.com/wptheme/marriage-hall-wordpress-theme/wp-content/themes/butterbelly-pro/assets/fonts/glyphicons-halflings-regular.ttf]
[www.inkthemesdemo.com/wptheme/marriage-hall-wordpress-theme/wp-content/themes/butterbelly-pro/assets/css/bootstrap5010.css]
[www.inkthemesdemo.com/wptheme/marriage-hall-wordpress-theme/wp-content/themes/butterbelly-pro/assets/fonts/fontawesome-webfont5b62.eot]
[www.inkthemesdemo.com/wptheme/marriage-hall-wordpress-theme/wp-content/themes/butterbelly-pro/assets/fonts/fontawesome-webfontd41d.eot]
[www.inkthemesdemo.com/wptheme/marriage-hall-wordpress-theme/wp-content/themes/butterbelly-pro/assets/fonts/fontawesome-webfont5b62.woff2]
[www.inkthemesdemo.com/wptheme/marriage-hall-wordpress-theme/wp-content/themes/butterbelly-pro/assets/fonts/fontawesome-webfont5b62.woff]
[www.inkthemesdemo.com/wptheme/marriage-hall-wordpress-theme/wp-content/themes/butterbelly-pro/assets/fonts/fontawesome-webfont5b62.ttf]
[www.inkthemesdemo.com/wptheme/marriage-hall-wordpress-theme/wp-content/themes/butterbelly-pro/assets/css/font-awesome5010.css]
[www.inkthemesdemo.com/wptheme/marriage-hall-wordpress-theme/wp-content/themes/butterbelly-pro/assets/css/reset5010.css]
[www.inkthemesdemo.com/wptheme/marriage-hall-wordpress-theme/wp-content/themes/butterbelly-pro/assets/images/prettyPhoto/default/sprite.png]
[www.inkthemesdemo.com/wptheme/marriage-hall-wordpress-theme/wp-content/themes/butterbelly-pro/assets/images/prettyPhoto/default/sprite_x.png]
[www.inkthemesdemo.com/wptheme/marriage-hall-wordpress-theme/wp-content/themes/butterbelly-pro/assets/images/prettyPhoto/default/sprite_y.png]
[www.inkthemesdemo.com/wptheme/marriage-hall-wordpress-theme/wp-content/themes/butterbelly-pro/assets/images/prettyPhoto/default/sprite_next.png]
[www.inkthemesdemo.com/wptheme/marriage-hall-wordpress-theme/wp-content/themes/butterbelly-pro/assets/images/prettyPhoto/default/sprite_prev.png]
[www.inkthemesdemo.com/wptheme/marriage-hall-wordpress-theme/wp-content/themes/butterbelly-pro/assets/images/prettyPhoto/default/default_thumb.png]
[www.inkthemesdemo.com/wptheme/marriage-hall-wordpress-theme/wp-content/themes/butterbelly-pro/assets/images/prettyPhoto/default/loader.gif]
[www.inkthemesdemo.com/wptheme/marriage-hall-wordpress-theme/wp-content/themes/butterbelly-pro/assets/images/prettyPhoto/light_rounded/sprite.png]
[www.inkthemesdemo.com/wptheme/marriage-hall-wordpress-theme/wp-content/themes/butterbelly-pro/assets/images/prettyPhoto/light_rounded/btnNext.png]
[www.inkthemesdemo.com/wptheme/marriage-hall-wordpress-theme/wp-content/themes/butterbelly-pro/assets/images/prettyPhoto/light_rounded/btnPrevious.png]
[www.inkthemesdemo.com/wptheme/marriage-hall-wordpress-theme/wp-content/themes/butterbelly-pro/assets/images/prettyPhoto/light_rounded/loader.gif]
[www.inkthemesdemo.com/wptheme/marriage-hall-wordpress-theme/wp-content/themes/butterbelly-pro/assets/images/prettyPhoto/dark_rounded/sprite.png]
[www.inkthemesdemo.com/wptheme/marriage-hall-wordpress-theme/wp-content/themes/butterbelly-pro/assets/images/prettyPhoto/dark_rounded/contentPattern.png]
[www.inkthemesdemo.com/wptheme/marriage-hall-wordpress-theme/wp-content/themes/butterbelly-pro/assets/images/prettyPhoto/dark_rounded/btnNext.png]
[www.inkthemesdemo.com/wptheme/marriage-hall-wordpress-theme/wp-content/themes/butterbelly-pro/assets/images/prettyPhoto/dark_rounded/btnPrevious.png]
[www.inkthemesdemo.com/wptheme/marriage-hall-wordpress-theme/wp-content/themes/butterbelly-pro/assets/images/prettyPhoto/dark_rounded/loader.gif]
[www.inkthemesdemo.com/wptheme/marriage-hall-wordpress-theme/wp-content/themes/butterbelly-pro/assets/images/prettyPhoto/dark_square/loader.gif]
[www.inkthemesdemo.com/wptheme/marriage-hall-wordpress-theme/wp-content/themes/butterbelly-pro/assets/images/prettyPhoto/dark_square/sprite.png]
[www.inkthemesdemo.com/wptheme/marriage-hall-wordpress-theme/wp-content/themes/butterbelly-pro/assets/images/prettyPhoto/dark_square/btnNext.png]
[www.inkthemesdemo.com/wptheme/marriage-hall-wordpress-theme/wp-content/themes/butterbelly-pro/assets/images/prettyPhoto/dark_square/btnPrevious.png]
[www.inkthemesdemo.com/wptheme/marriage-hall-wordpress-theme/wp-content/themes/butterbelly-pro/assets/images/prettyPhoto/light_square/sprite.png]
[www.inkthemesdemo.com/wptheme/marriage-hall-wordpress-theme/wp-content/themes/butterbelly-pro/assets/images/prettyPhoto/light_square/btnNext.png]
[www.inkthemesdemo.com/wptheme/marriage-hall-wordpress-theme/wp-content/themes/butterbelly-pro/assets/images/prettyPhoto/light_square/btnPrevious.png]
[www.inkthemesdemo.com/wptheme/marriage-hall-wordpress-theme/wp-content/themes/butterbelly-pro/assets/images/prettyPhoto/facebook/sprite.png]
[www.inkthemesdemo.com/wptheme/marriage-hall-wordpress-theme/wp-content/themes/butterbelly-pro/assets/images/prettyPhoto/facebook/contentPatternTop.png]
[www.inkthemesdemo.com/wptheme/marriage-hall-wordpress-theme/wp-content/themes/butterbelly-pro/assets/images/prettyPhoto/facebook/contentPatternLeft.png]
[www.inkthemesdemo.com/wptheme/marriage-hall-wordpress-theme/wp-content/themes/butterbelly-pro/assets/images/prettyPhoto/facebook/contentPatternRight.png]
[www.inkthemesdemo.com/wptheme/marriage-hall-wordpress-theme/wp-content/themes/butterbelly-pro/assets/images/prettyPhoto/facebook/loader.gif]
[www.inkthemesdemo.com/wptheme/marriage-hall-wordpress-theme/wp-content/themes/butterbelly-pro/assets/images/prettyPhoto/facebook/btnNext.png]
[www.inkthemesdemo.com/wptheme/marriage-hall-wordpress-theme/wp-content/themes/butterbelly-pro/assets/images/prettyPhoto/facebook/btnPrevious.png]
[www.inkthemesdemo.com/wptheme/marriage-hall-wordpress-theme/wp-content/themes/butterbelly-pro/assets/images/prettyPhoto/facebook/contentPatternBottom.png]
[www.inkthemesdemo.com/wptheme/marriage-hall-wordpress-theme/wp-content/themes/butterbelly-pro/assets/images/prettyPhoto/facebook/default_thumbnail.gif]
[www.inkthemesdemo.com/wptheme/marriage-hall-wordpress-theme/wp-content/themes/butterbelly-pro/assets/css/prettyPhoto5010.css]
[www.inkthemesdemo.com/wptheme/marriage-hall-wordpress-theme/wp-content/themes/butterbelly-pro/assets/fonts/museo100-regular_0.eot]
[www.inkthemesdemo.com/wptheme/marriage-hall-wordpress-theme/wp-content/themes/butterbelly-pro/assets/fonts/museo100-regular_0d41d.eot]
[www.inkthemesdemo.com/wptheme/marriage-hall-wordpress-theme/wp-content/themes/butterbelly-pro/assets/fonts/museo100-regular_0.woff]
[www.inkthemesdemo.com/wptheme/marriage-hall-wordpress-theme/wp-content/themes/butterbelly-pro/assets/fonts/museo100-regular_0.ttf]
[www.inkthemesdemo.com/wptheme/marriage-hall-wordpress-theme/wp-content/themes/butterbelly-pro/assets/fonts/museo300-regular_0-webfont.eot]
[www.inkthemesdemo.com/wptheme/marriage-hall-wordpress-theme/wp-content/themes/butterbelly-pro/assets/fonts/museo300-regular_0-webfontd41d.eot]
[www.inkthemesdemo.com/wptheme/marriage-hall-wordpress-theme/wp-content/themes/butterbelly-pro/assets/fonts/museo300-regular_0-webfont.woff]
[www.inkthemesdemo.com/wptheme/marriage-hall-wordpress-theme/wp-content/themes/butterbelly-pro/assets/fonts/museo300-regular_0-webfont.ttf]
[www.inkthemesdemo.com/wptheme/marriage-hall-wordpress-theme/wp-content/themes/butterbelly-pro/assets/fonts/museo500-regular_0.eot]
[www.inkthemesdemo.com/wptheme/marriage-hall-wordpress-theme/wp-content/themes/butterbelly-pro/assets/fonts/museo500-regular_0d41d.eot]
[www.inkthemesdemo.com/wptheme/marriage-hall-wordpress-theme/wp-content/themes/butterbelly-pro/assets/fonts/museo500-regular_0.woff]
[www.inkthemesdemo.com/wptheme/marriage-hall-wordpress-theme/wp-content/themes/butterbelly-pro/assets/fonts/museo500-regular_0.ttf]
[www.inkthemesdemo.com/wptheme/marriage-hall-wordpress-theme/wp-content/themes/butterbelly-pro/assets/fonts/museo500-regular_0-webfont.eot]
[www.inkthemesdemo.com/wptheme/marriage-hall-wordpress-theme/wp-content/themes/butterbelly-pro/assets/fonts/museo500-regular_0-webfontd41d.eot]
[www.inkthemesdemo.com/wptheme/marriage-hall-wordpress-theme/wp-content/themes/butterbelly-pro/assets/fonts/museo500-regular_0-webfont.woff]
[www.inkthemesdemo.com/wptheme/marriage-hall-wordpress-theme/wp-content/themes/butterbelly-pro/assets/fonts/museo500-regular_0-webfont.ttf]
[www.inkthemesdemo.com/wptheme/marriage-hall-wordpress-theme/wp-content/themes/butterbelly-pro/assets/images/header-bg.png]
[www.inkthemesdemo.com/wptheme/marriage-hall-wordpress-theme/wp-content/themes/butterbelly-pro/assets/images/header-bg1.png]
[www.inkthemesdemo.com/wptheme/marriage-hall-wordpress-theme/wp-content/themes/butterbelly-pro/assets/images/menu-bg.png]
[www.inkthemesdemo.com/wptheme/marriage-hall-wordpress-theme/wp-content/themes/butterbelly-pro/assets/images/next.png]
[www.inkthemesdemo.com/wptheme/marriage-hall-wordpress-theme/wp-content/themes/butterbelly-pro/assets/images/prev.png]
[www.inkthemesdemo.com/wptheme/marriage-hall-wordpress-theme/wp-content/themes/butterbelly-pro/assets/images/pagination.png]
[www.inkthemesdemo.com/wptheme/marriage-hall-wordpress-theme/wp-content/themes/butterbelly-pro/assets/images/shadow-index.png]
[www.inkthemesdemo.com/wptheme/marriage-hall-wordpress-theme/wp-content/themes/butterbelly-pro/assets/images/loader.gif]
[www.inkthemesdemo.com/wptheme/marriage-hall-wordpress-theme/wp-content/themes/butterbelly-pro/assets/images/call-img.png]
[www.inkthemesdemo.com/wptheme/marriage-hall-wordpress-theme/wp-content/themes/butterbelly-pro/assets/images/footer_head_sep.png]
[www.inkthemesdemo.com/wptheme/marriage-hall-wordpress-theme/wp-content/themes/butterbelly-pro/assets/images/footer_nav_sep.png]
[www.inkthemesdemo.com/wptheme/marriage-hall-wordpress-theme/wp-content/themes/butterbelly-pro/assets/images/footer_search.png]
[www.inkthemesdemo.com/wptheme/marriage-hall-wordpress-theme/wp-content/themes/butterbelly-pro/assets/images/line.png]
[www.inkthemesdemo.com/wptheme/marriage-hall-wordpress-theme/wp-content/themes/butterbelly-pro/assets/images/post_head_bg.png]
[www.inkthemesdemo.com/wptheme/marriage-hall-wordpress-theme/wp-content/themes/butterbelly-pro/assets/images/post_comment.png]
[www.inkthemesdemo.com/wptheme/marriage-hall-wordpress-theme/wp-content/themes/butterbelly-pro/assets/images/plus.png]
[www.inkthemesdemo.com/wptheme/marriage-hall-wordpress-theme/wp-content/themes/butterbelly-pro/assets/images/plus-hover.png]
[www.inkthemesdemo.com/wptheme/marriage-hall-wordpress-theme/wp-content/themes/butterbelly-pro/assets/images/arrow.png]
[www.inkthemesdemo.com/wptheme/marriage-hall-wordpress-theme/wp-content/themes/butterbelly-pro/assets/images/headingsep.png]
[www.inkthemesdemo.com/wptheme/marriage-hall-wordpress-theme/wp-content/themes/butterbelly-pro/assets/images/blockqoute.png]
[www.inkthemesdemo.com/wptheme/marriage-hall-wordpress-theme/wp-content/themes/butterbelly-pro/assets/images/view_photo.png]
[www.inkthemesdemo.com/wptheme/marriage-hall-wordpress-theme/wp-content/themes/butterbelly-pro/style5010.css]
[www.inkthemesdemo.com/wptheme/marriage-hall-wordpress-theme/wp-content/themes/butterbelly-pro/assets/css/woocommerce5010.css]
[www.inkthemesdemo.com/wptheme/marriage-hall-wordpress-theme/wp-content/themes/butterbelly-pro/assets/images/caption-bg-purple.png]
[www.inkthemesdemo.com/wptheme/marriage-hall-wordpress-theme/wp-content/themes/butterbelly-pro/assets/images/post_head_bg-purple.png]
[www.inkthemesdemo.com/wptheme/marriage-hall-wordpress-theme/wp-content/themes/butterbelly-pro/assets/images/post_comment-purple.png]
[www.inkthemesdemo.com/wptheme/marriage-hall-wordpress-theme/wp-content/themes/butterbelly-pro/assets/images/call-img-purple.png]
[www.inkthemesdemo.com/wptheme/marriage-hall-wordpress-theme/wp-content/themes/butterbelly-pro/assets/images/footer_nav_sep-purple.png]
[www.inkthemesdemo.com/wptheme/marriage-hall-wordpress-theme/wp-content/themes/butterbelly-pro/assets/images/footer_head_sep-purple.png]
[www.inkthemesdemo.com/wptheme/marriage-hall-wordpress-theme/wp-content/themes/butterbelly-pro/assets/images/footer_search-purple.png]
[www.inkthemesdemo.com/wptheme/marriage-hall-wordpress-theme/wp-content/themes/butterbelly-pro/assets/images/search-purple.png]
[www.inkthemesdemo.com/wptheme/marriage-hall-wordpress-theme/wp-content/themes/butterbelly-pro/assets/images/plus-hover-purple.png]
[www.inkthemesdemo.com/wptheme/marriage-hall-wordpress-theme/wp-content/themes/butterbelly-pro/assets/images/gall-search-purple.png]
[www.inkthemesdemo.com/wptheme/marriage-hall-wordpress-theme/wp-content/themes/butterbelly-pro/assets/css/color/purple5010.css]
[www.inkthemesdemo.com/wptheme/marriage-hall-wordpress-theme/wp-content/themes/butterbelly-pro/assets/css/button-image/button.png]
[www.inkthemesdemo.com/wptheme/marriage-hall-wordpress-theme/wp-content/themes/butterbelly-pro/assets/css/button-image/button2.png]
[www.inkthemesdemo.com/wptheme/marriage-hall-wordpress-theme/wp-content/themes/butterbelly-pro/assets/css/button-image/bluebutton2.png]
[www.inkthemesdemo.com/wptheme/marriage-hall-wordpress-theme/wp-content/themes/butterbelly-pro/assets/css/button-image/pinkbutton2.png]
[www.inkthemesdemo.com/wptheme/marriage-hall-wordpress-theme/wp-content/themes/butterbelly-pro/assets/css/button-image/greenbutton2.png]
[www.inkthemesdemo.com/wptheme/marriage-hall-wordpress-theme/wp-content/themes/butterbelly-pro/assets/css/button-image/brownbutton2.png]
[www.inkthemesdemo.com/wptheme/marriage-hall-wordpress-theme/wp-content/themes/butterbelly-pro/assets/css/button-image/yellowbutton2.png]
[www.inkthemesdemo.com/wptheme/marriage-hall-wordpress-theme/wp-content/themes/butterbelly-pro/assets/css/button-image/pinkbutton.png]
[www.inkthemesdemo.com/wptheme/marriage-hall-wordpress-theme/wp-content/themes/butterbelly-pro/assets/css/button-image/greenbutton.png]
[www.inkthemesdemo.com/wptheme/marriage-hall-wordpress-theme/wp-content/themes/butterbelly-pro/assets/css/button-image/brownbutton.png]
[www.inkthemesdemo.com/wptheme/marriage-hall-wordpress-theme/wp-content/themes/butterbelly-pro/assets/css/button-image/yellowbutton.png]
[www.inkthemesdemo.com/wptheme/marriage-hall-wordpress-theme/wp-content/themes/butterbelly-pro/assets/css/button-image/sprite-button.png]
[www.inkthemesdemo.com/wptheme/marriage-hall-wordpress-theme/wp-content/themes/butterbelly-pro/assets/css/shortcode5010.css]
[www.inkthemesdemo.com/wptheme/marriage-hall-wordpress-theme/wp-content/themes/butterbelly-pro/assets/css/responsive5010.css]
[www.inkthemesdemo.com/wptheme/marriage-hall-wordpress-theme/wp-content/themes/butterbelly-pro/assets/css/meanmenu5010.css]
[www.inkthemesdemo.com/wptheme/marriage-hall-wordpress-theme/wp-content/themes/butterbelly-pro/assets/css/assets/images/zoom.png]
[www.inkthemesdemo.com/wptheme/marriage-hall-wordpress-theme/wp-content/themes/butterbelly-pro/assets/css/assets/images/view_photo.png]
[www.inkthemesdemo.com/wptheme/marriage-hall-wordpress-theme/wp-content/themes/butterbelly-pro/assets/css/gallery5010.css]
[www.inkthemesdemo.com/wptheme/marriage-hall-wordpress-theme/wp-content/themes/butterbelly-pro/assets/images/zoombox/loader.png]
[www.inkthemesdemo.com/wptheme/marriage-hall-wordpress-theme/wp-content/themes/butterbelly-pro/assets/images/zoombox/close.png]
[www.inkthemesdemo.com/wptheme/marriage-hall-wordpress-theme/wp-content/themes/butterbelly-pro/assets/images/zoombox/next.png]
[www.inkthemesdemo.com/wptheme/marriage-hall-wordpress-theme/wp-content/themes/butterbelly-pro/assets/images/zoombox/prev.png]
[www.inkthemesdemo.com/wptheme/marriage-hall-wordpress-theme/wp-content/themes/butterbelly-pro/assets/images/zoombox/lightclose.gif]
[www.inkthemesdemo.com/wptheme/marriage-hall-wordpress-theme/wp-content/themes/butterbelly-pro/assets/images/zoombox/lightnext.gif]
[www.inkthemesdemo.com/wptheme/marriage-hall-wordpress-theme/wp-content/themes/butterbelly-pro/assets/images/zoombox/lightprev.gif]
[www.inkthemesdemo.com/wptheme/marriage-hall-wordpress-theme/wp-content/themes/butterbelly-pro/assets/images/zoombox/ppsprite.png]
[www.inkthemesdemo.com/wptheme/marriage-hall-wordpress-theme/wp-content/themes/butterbelly-pro/assets/images/zoombox/ppnext.png]
[www.inkthemesdemo.com/wptheme/marriage-hall-wordpress-theme/wp-content/themes/butterbelly-pro/assets/images/zoombox/ppprev.png]
[www.inkthemesdemo.com/wptheme/marriage-hall-wordpress-theme/wp-content/themes/butterbelly-pro/assets/images/zoombox/simplenav.png]
[www.inkthemesdemo.com/wptheme/marriage-hall-wordpress-theme/wp-content/themes/butterbelly-pro/assets/css/zoombox-gal5010.css]
[www.inkthemesdemo.com/wptheme/marriage-hall-wordpress-theme/wp-admin/css/color-picker.min5010.css]
[www.inkthemesdemo.com/wptheme/marriage-hall-wordpress-theme/wp-content/plugins/nextgen-gallery/products/photocrati_nextgen/modules/widget/static/widgets.min952b.css]
[www.inkthemesdemo.com/wptheme/marriage-hall-wordpress-theme/wp-content/plugins/nextgen-gallery/products/photocrati_nextgen/modules/nextgen_basic_gallery/static/thumbnails/nextgen_basic_thumbnails.min.1b952b]
[www.inkthemesdemo.com/wptheme/marriage-hall-wordpress-theme/wp-content/plugins/nextgen-gallery/products/photocrati_nextgen/modules/nextgen_gallery_display/static/trigger_buttons.min952b.css]
[www.inkthemesdemo.com/wptheme/marriage-hall-wordpress-theme/wp-content/themes/butterbelly-pro/assets/images/zoombox/simpleclose.png]
[www.inkthemesdemo.com/wptheme/marriage-hall-wordpress-theme/wp-content/plugins/nextgen-gallery/products/photocrati_nextgen/modules/lightbox/static/fancybox/fancybox.png]
[www.inkthemesdemo.com/wptheme/marriage-hall-wordpress-theme/wp-content/plugins/nextgen-gallery/products/photocrati_nextgen/modules/lightbox/static/fancybox/blank.gif]
[www.inkthemesdemo.com/wptheme/marriage-hall-wordpress-theme/wp-content/plugins/nextgen-gallery/products/photocrati_nextgen/modules/lightbox/static/fancybox/fancybox-x.png]
[www.inkthemesdemo.com/wptheme/marriage-hall-wordpress-theme/wp-content/plugins/nextgen-gallery/products/photocrati_nextgen/modules/lightbox/static/fancybox/fancybox-y.png]
[www.inkthemesdemo.com/wptheme/marriage-hall-wordpress-theme/wp-content/plugins/nextgen-gallery/products/photocrati_nextgen/modules/lightbox/static/fancybox/jquery.fancybox-1.3.4.min952b.css]
[use.fontawesome.com/releases/v5.3.1/css/v4-shims5010.css]
[use.fontawesome.com/releases/v5.3.1/css/all5010.css]
[www.inkthemesdemo.com/wptheme/marriage-hall-wordpress-theme/wp-content/plugins/nextgen-gallery/products/photocrati_nextgen/modules/nextgen_pagination/static/style.min952b.css]
[www.inkthemesdemo.com/wptheme/marriage-hall-wordpress-theme/wp-content/plugins/nextgen-gallery/products/photocrati_nextgen/modules/lightbox/static/fancybox/fancy_title_over.png]
[www.inkthemesdemo.com/wptheme/marriage-hall-wordpress-theme/wp-json/oembed/1.0/embed4a97.json]
[www.inkthemesdemo.com/wptheme/marriage-hall-wordpress-theme/wp-json/oembed/1.0/embedf22a]
[www.inkthemesdemo.com/wptheme/marriage-hall-wordpress-theme/wp-content/uploads/sites/591/2016/08/Blog-Img3-1.jpg]
[www.inkthemesdemo.com/wptheme/marriage-hall-wordpress-theme/about-us/index.html]
[www.inkthemesdemo.com/wptheme/marriage-hall-wordpress-theme/category/love/index.html]
[www.inkthemesdemo.com/wptheme/marriage-hall-wordpress-theme/category/planning/index.html]
[www.inkthemesdemo.com/wptheme/marriage-hall-wordpress-theme/category/the-proposal/index.html]
[www.inkthemesdemo.com/wptheme/marriage-hall-wordpress-theme/wp-json/oembed/1.0/embedc514.json]
[www.inkthemesdemo.com/wptheme/marriage-hall-wordpress-theme/category/specials/index.html]
[www.inkthemesdemo.com/wptheme/marriage-hall-wordpress-theme/category/the-wedding-day/index.html]
[www.inkthemesdemo.com/wptheme/marriage-hall-wordpress-theme/wp-json/oembed/1.0/embed2595]
[www.inkthemesdemo.com/wptheme/marriage-hall-wordpress-theme/wp-content/uploads/sites/591/2016/08/Gallery-4.jpg]
[www.inkthemesdemo.com/wptheme/marriage-hall-wordpress-theme/sample-page/anniversary-plan/index.html]
[www.inkthemesdemo.com/wptheme/marriage-hall-wordpress-theme/sample-page/index.html]
[www.inkthemesdemo.com/wptheme/marriage-hall-wordpress-theme/wp-json/oembed/1.0/embedf339.json]
[www.inkthemesdemo.com/wptheme/marriage-hall-wordpress-theme/wp-json/oembed/1.0/embed729e]
[www.inkthemesdemo.com/wptheme/marriage-hall-wordpress-theme/wp-content/uploads/sites/591/2016/08/Gallery-12.jpg]
[www.inkthemesdemo.com/wptheme/marriage-hall-wordpress-theme/sample-page/wedding-planer/index.html]
[www.inkthemesdemo.com/wptheme/marriage-hall-wordpress-theme/wp-json/oembed/1.0/embedc562.json]
[www.inkthemesdemo.com/wptheme/marriage-hall-wordpress-theme/wp-json/oembed/1.0/embeda3a3]
[www.inkthemesdemo.com/wptheme/marriage-hall-wordpress-theme/wp-content/uploads/sites/591/2016/08/Gallery-8-1.jpg]
[www.inkthemesdemo.com/wptheme/marriage-hall-wordpress-theme/sample-page/bday-bash/index.html]
[www.inkthemesdemo.com/wptheme/marriage-hall-wordpress-theme/wp-json/oembed/1.0/embed13d6.json]
[www.inkthemesdemo.com/wptheme/marriage-hall-wordpress-theme/blog/index.html]
[www.inkthemesdemo.com/wptheme/marriage-hall-wordpress-theme/wp-json/oembed/1.0/embed9793]
[www.inkthemesdemo.com/wptheme/marriage-hall-wordpress-theme/blog/page/2/index.html]
[www.inkthemesdemo.com/wptheme/marriage-hall-wordpress-theme/wp-json/oembed/1.0/embedd0d4.json]
[www.inkthemesdemo.com/wptheme/marriage-hall-wordpress-theme/wp-json/oembed/1.0/embed06cb]
[www.inkthemesdemo.com/wptheme/marriage-hall-wordpress-theme/wp-content/uploads/sites/591/2016/08/Gallery-1.jpg]
[www.inkthemesdemo.com/wptheme/marriage-hall-wordpress-theme/wp-content/uploads/sites/591/thumb-cache/d568bf49604d1556d1e98d746274799e-d093b43b401f916fe222b8e77357ec41-350x245-100-crop.jpg]
[www.inkthemesdemo.com/wptheme/marriage-hall-wordpress-theme/wp-content/uploads/sites/591/2016/08/Gallery-2.jpg]
[www.inkthemesdemo.com/wptheme/marriage-hall-wordpress-theme/wp-content/uploads/sites/591/thumb-cache/c1d352c103aaea9dd9b90beaa044ca2d-b2978eaaa514397f05059bf3c2c9fd0b-350x245-100-crop.jpg]
[www.inkthemesdemo.com/wptheme/marriage-hall-wordpress-theme/wp-content/uploads/sites/591/2016/08/Gallery-3.jpg]
[www.inkthemesdemo.com/wptheme/marriage-hall-wordpress-theme/wp-content/uploads/sites/591/thumb-cache/a4354e65ca18e07afa11801a27493352-5e56c8db77600acb3947450d12604019-350x245-100-crop.jpg]
[www.inkthemesdemo.com/wptheme/marriage-hall-wordpress-theme/wp-content/uploads/sites/591/thumb-cache/4769680400bfda434bbea6982d49c039-ca38e9c651a6c640d3a9c41b6ac1ef78-350x245-100-crop.jpg]
[www.inkthemesdemo.com/wptheme/marriage-hall-wordpress-theme/wp-content/uploads/sites/591/2016/08/Gallery-5.jpg]
[www.inkthemesdemo.com/wptheme/marriage-hall-wordpress-theme/wp-content/uploads/sites/591/thumb-cache/e336c704085235bbaa9b9c511cf4e0d3-215dfb0e91b0edf0a27f98a1420dc192-350x245-100-crop.jpg]
[www.inkthemesdemo.com/wptheme/marriage-hall-wordpress-theme/wp-content/uploads/sites/591/2016/08/Gallery-6.jpg]
[www.inkthemesdemo.com/wptheme/marriage-hall-wordpress-theme/wp-content/uploads/sites/591/thumb-cache/c7974fcd41a2c25d98af24fe00f2be2d-101a8e3783f16587651fb70d4d6057b5-350x245-100-crop.jpg]
[www.inkthemesdemo.com/wptheme/marriage-hall-wordpress-theme/wp-content/uploads/sites/591/2016/08/Gallery-7.jpg]
[www.inkthemesdemo.com/wptheme/marriage-hall-wordpress-theme/wp-content/uploads/sites/591/thumb-cache/c05f1a91f671046b22fa6c4393ebac30-b9bcda37cd8213341826f6b65b2dc9f0-350x245-100-crop.jpg]
[www.inkthemesdemo.com/wptheme/marriage-hall-wordpress-theme/wp-content/uploads/sites/591/2016/08/Gallery-8.jpg]
[www.inkthemesdemo.com/wptheme/marriage-hall-wordpress-theme/wp-content/uploads/sites/591/thumb-cache/177ce41c473276e712e50d9e5c7af951-d71f7c70907a56744cc31a6fdba4c7ab-350x245-100-crop.jpg]
[www.inkthemesdemo.com/wptheme/marriage-hall-wordpress-theme/wp-content/uploads/sites/591/2016/08/Gallery-9.jpg]
[www.inkthemesdemo.com/wptheme/marriage-hall-wordpress-theme/wp-content/uploads/sites/591/thumb-cache/f21731a854ed792b4ed7a2f19776deaa-a9fb73f6fa6ca73bb741639be01c26a5-350x245-100-crop.jpg]
[www.inkthemesdemo.com/wptheme/marriage-hall-wordpress-theme/wp-content/uploads/sites/591/2016/08/Gallery-10.jpg]
[www.inkthemesdemo.com/wptheme/marriage-hall-wordpress-theme/wp-content/uploads/sites/591/thumb-cache/39d585f4b3e63e3192858c18121f8832-bb9e8b83856c2b5d8e486f3e2770db3c-350x245-100-crop.jpg]
[www.inkthemesdemo.com/wptheme/marriage-hall-wordpress-theme/wp-content/uploads/sites/591/2016/08/Gallery-11.jpg]
[www.inkthemesdemo.com/wptheme/marriage-hall-wordpress-theme/wp-content/uploads/sites/591/thumb-cache/c742cb480f8fbb4e57838c4458ca8532-044bec3cd1999b9da99dd408ccaec345-350x245-100-crop.jpg]
[www.inkthemesdemo.com/wptheme/marriage-hall-wordpress-theme/wp-content/uploads/sites/591/thumb-cache/bb052404dea4574ad769b2571c26fbaf-95b22d36c6356fccba9950ebcfe5c252-350x245-100-crop.jpg]
[www.inkthemesdemo.com/wptheme/marriage-hall-wordpress-theme/gallery/index.html]
[www.inkthemesdemo.com/wptheme/marriage-hall-wordpress-theme/wp-json/oembed/1.0/embed5acb.json]
[www.inkthemesdemo.com/wptheme/marriage-hall-wordpress-theme/contact-us/index.html]
[www.inkthemesdemo.com/wptheme/marriage-hall-wordpress-theme/wp-json/oembed/1.0/embedad48]
[www.inkthemesdemo.com/wptheme/marriage-hall-wordpress-theme/wp-json/oembed/1.0/embed1810.json]
[www.inkthemesdemo.com/wptheme/marriage-hall-wordpress-theme/2016/08/24/how-to-make-sure-she-says-yes/feed/index.html]
[www.inkthemesdemo.com/wptheme/marriage-hall-wordpress-theme/wp-json/oembed/1.0/embedfac2]
[www.inkthemesdemo.com/wptheme/marriage-hall-wordpress-theme/wp-content/uploads/sites/591/2016/08/Blog-Img4.jpg]
[www.inkthemesdemo.com/wptheme/marriage-hall-wordpress-theme/2016/08/24/how-to-make-sure-she-says-yes/index.html]
[www.inkthemesdemo.com/wptheme/marriage-hall-wordpress-theme/wp-json/oembed/1.0/embedc048.json]
[www.inkthemesdemo.com/wptheme/marriage-hall-wordpress-theme/2016/08/24/how-to-kick-start-your-wedding-planning/feed/index.html]
[www.inkthemesdemo.com/wptheme/marriage-hall-wordpress-theme/wp-json/oembed/1.0/embedeffa]
[www.inkthemesdemo.com/wptheme/marriage-hall-wordpress-theme/wp-content/uploads/sites/591/2016/08/Blog-Img1.jpg]
[www.inkthemesdemo.com/wptheme/marriage-hall-wordpress-theme/2016/08/24/how-to-kick-start-your-wedding-planning/index.html]
[www.inkthemesdemo.com/wptheme/marriage-hall-wordpress-theme/wp-json/oembed/1.0/embed5c35.json]
[www.inkthemesdemo.com/wptheme/marriage-hall-wordpress-theme/2016/08/25/the-exchange/feed/index.html]
[www.inkthemesdemo.com/wptheme/marriage-hall-wordpress-theme/wp-json/oembed/1.0/embedf02a]
[www.inkthemesdemo.com/wptheme/marriage-hall-wordpress-theme/wp-content/uploads/sites/591/2016/08/Blog-Img3.jpg]
[www.inkthemesdemo.com/wptheme/marriage-hall-wordpress-theme/2016/08/25/the-exchange/index.html]
[www.inkthemesdemo.com/wptheme/marriage-hall-wordpress-theme/author/admin/index.html]
[www.inkthemesdemo.com/wptheme/marriage-hall-wordpress-theme/author/admin/page/2/index.html]
[www.inkthemesdemo.com/wptheme/marriage-hall-wordpress-theme/author/admin/feed/index.html]
[www.inkthemesdemo.com/wptheme/marriage-hall-wordpress-theme/wp-json/oembed/1.0/embed3b36.json]
[www.inkthemesdemo.com/wptheme/marriage-hall-wordpress-theme/2016/08/24/10-ways-to-get-your-money-worth-on-weddings-day/feed/index.html]
[www.inkthemesdemo.com/wptheme/marriage-hall-wordpress-theme/wp-json/oembed/1.0/embed3822]
[www.inkthemesdemo.com/wptheme/marriage-hall-wordpress-theme/wp-content/uploads/sites/591/2016/08/Blog-Img2.jpg]
[www.inkthemesdemo.com/wptheme/marriage-hall-wordpress-theme/2016/08/24/10-ways-to-get-your-money-worth-on-weddings-day/index.html]
[www.inkthemesdemo.com/wptheme/marriage-hall-wordpress-theme/wp-content/uploads/sites/591/thumb-cache/63fe2e76dc35a9c6e02911c0e3c86e80-e56d65530c14081961b591f5db7152f4-353x284-100-crop.jpg]
[www.inkthemesdemo.com/wptheme/marriage-hall-wordpress-theme/page/2/index.html]
[www.inkthemesdemo.com/wptheme/marriage-hall-wordpress-theme/wp-content/plugins/woocommerce/assets/fonts/star.svg]
[www.inkthemesdemo.com/wptheme/marriage-hall-wordpress-theme/wp-content/plugins/woocommerce/assets/fonts/WooCommerce.svg]
[www.inkthemesdemo.com/wptheme/marriage-hall-wordpress-theme/wp-content/plugins/woocommerce/assets/images/icons/loader.svg]
[www.inkthemesdemo.com/wptheme/marriage-hall-wordpress-theme/wp-content/plugins/woocommerce/assets/images/icons/credit-cards/visa.svg]
[www.inkthemesdemo.com/wptheme/marriage-hall-wordpress-theme/wp-content/plugins/woocommerce/assets/images/icons/credit-cards/mastercard.svg]
[www.inkthemesdemo.com/wptheme/marriage-hall-wordpress-theme/wp-content/plugins/woocommerce/assets/images/icons/credit-cards/laser.svg]
[www.inkthemesdemo.com/wptheme/marriage-hall-wordpress-theme/wp-content/plugins/woocommerce/assets/images/icons/credit-cards/diners.svg]
[www.inkthemesdemo.com/wptheme/marriage-hall-wordpress-theme/wp-content/plugins/woocommerce/assets/images/icons/credit-cards/maestro.svg]
[www.inkthemesdemo.com/wptheme/marriage-hall-wordpress-theme/wp-content/plugins/woocommerce/assets/images/icons/credit-cards/jcb.svg]
[www.inkthemesdemo.com/wptheme/marriage-hall-wordpress-theme/wp-content/plugins/woocommerce/assets/images/icons/credit-cards/amex.svg]
[www.inkthemesdemo.com/wptheme/marriage-hall-wordpress-theme/wp-content/plugins/woocommerce/assets/images/icons/credit-cards/discover.svg]
[www.inkthemesdemo.com/wptheme/marriage-hall-wordpress-theme/wp-content/themes/butterbelly-pro/assets/fonts/glyphicons-halflings-regular.svg]
[www.inkthemesdemo.com/wptheme/marriage-hall-wordpress-theme/wp-content/themes/butterbelly-pro/assets/fonts/fontawesome-webfont5b62.svg]
[www.inkthemesdemo.com/wptheme/marriage-hall-wordpress-theme/wp-content/themes/butterbelly-pro/assets/images/prettyPhoto/default/sprite.html]
[www.inkthemesdemo.com/wptheme/marriage-hall-wordpress-theme/wp-content/themes/butterbelly-pro/assets/images/prettyPhoto/default/sprite_x.html]
[www.inkthemesdemo.com/wptheme/marriage-hall-wordpress-theme/wp-content/themes/butterbelly-pro/assets/images/prettyPhoto/default/sprite_y.html]
[www.inkthemesdemo.com/wptheme/marriage-hall-wordpress-theme/wp-content/themes/butterbelly-pro/assets/images/prettyPhoto/default/sprite_next.html]
[www.inkthemesdemo.com/wptheme/marriage-hall-wordpress-theme/wp-content/themes/butterbelly-pro/assets/images/prettyPhoto/default/sprite_prev.html]
[www.inkthemesdemo.com/wptheme/marriage-hall-wordpress-theme/wp-content/themes/butterbelly-pro/assets/images/prettyPhoto/default/default_thumb.html]
[www.inkthemesdemo.com/wptheme/marriage-hall-wordpress-theme/wp-content/themes/butterbelly-pro/assets/images/prettyPhoto/default/loader.html]
[www.inkthemesdemo.com/wptheme/marriage-hall-wordpress-theme/wp-content/themes/butterbelly-pro/assets/images/prettyPhoto/light_rounded/sprite.html]
[www.inkthemesdemo.com/wptheme/marriage-hall-wordpress-theme/wp-content/themes/butterbelly-pro/assets/images/prettyPhoto/light_rounded/btnNext.html]
[www.inkthemesdemo.com/wptheme/marriage-hall-wordpress-theme/wp-content/themes/butterbelly-pro/assets/images/prettyPhoto/light_rounded/btnPrevious.html]
[www.inkthemesdemo.com/wptheme/marriage-hall-wordpress-theme/wp-content/themes/butterbelly-pro/assets/images/prettyPhoto/light_rounded/loader.html]
[www.inkthemesdemo.com/wptheme/marriage-hall-wordpress-theme/wp-content/themes/butterbelly-pro/assets/images/prettyPhoto/dark_rounded/sprite.html]
[www.inkthemesdemo.com/wptheme/marriage-hall-wordpress-theme/wp-content/themes/butterbelly-pro/assets/images/prettyPhoto/dark_rounded/contentPattern.html]
[www.inkthemesdemo.com/wptheme/marriage-hall-wordpress-theme/wp-content/themes/butterbelly-pro/assets/images/prettyPhoto/dark_rounded/btnNext.html]
[www.inkthemesdemo.com/wptheme/marriage-hall-wordpress-theme/wp-content/themes/butterbelly-pro/assets/images/prettyPhoto/dark_rounded/btnPrevious.html]
[www.inkthemesdemo.com/wptheme/marriage-hall-wordpress-theme/wp-content/themes/butterbelly-pro/assets/images/prettyPhoto/dark_rounded/loader.html]
[www.inkthemesdemo.com/wptheme/marriage-hall-wordpress-theme/wp-content/themes/butterbelly-pro/assets/images/prettyPhoto/dark_square/loader.html]
[www.inkthemesdemo.com/wptheme/marriage-hall-wordpress-theme/wp-content/themes/butterbelly-pro/assets/images/prettyPhoto/dark_square/sprite.html]
[www.inkthemesdemo.com/wptheme/marriage-hall-wordpress-theme/wp-content/themes/butterbelly-pro/assets/images/prettyPhoto/dark_square/btnNext.html]
[www.inkthemesdemo.com/wptheme/marriage-hall-wordpress-theme/wp-content/themes/butterbelly-pro/assets/images/prettyPhoto/dark_square/btnPrevious.html]
[www.inkthemesdemo.com/wptheme/marriage-hall-wordpress-theme/wp-content/themes/butterbelly-pro/assets/images/prettyPhoto/light_square/sprite.html]
[www.inkthemesdemo.com/wptheme/marriage-hall-wordpress-theme/wp-content/themes/butterbelly-pro/assets/images/prettyPhoto/light_square/btnNext.html]
[www.inkthemesdemo.com/wptheme/marriage-hall-wordpress-theme/wp-content/themes/butterbelly-pro/assets/images/prettyPhoto/light_square/btnPrevious.html]
[www.inkthemesdemo.com/wptheme/marriage-hall-wordpress-theme/wp-content/themes/butterbelly-pro/assets/images/prettyPhoto/facebook/sprite.html]
[www.inkthemesdemo.com/wptheme/marriage-hall-wordpress-theme/wp-content/themes/butterbelly-pro/assets/images/prettyPhoto/facebook/contentPatternTop.html]
[www.inkthemesdemo.com/wptheme/marriage-hall-wordpress-theme/wp-content/themes/butterbelly-pro/assets/images/prettyPhoto/facebook/contentPatternLeft.html]
[www.inkthemesdemo.com/wptheme/marriage-hall-wordpress-theme/wp-content/themes/butterbelly-pro/assets/images/prettyPhoto/facebook/contentPatternRight.html]
[www.inkthemesdemo.com/wptheme/marriage-hall-wordpress-theme/wp-content/themes/butterbelly-pro/assets/images/prettyPhoto/facebook/loader.html]
[www.inkthemesdemo.com/wptheme/marriage-hall-wordpress-theme/wp-content/themes/butterbelly-pro/assets/images/prettyPhoto/facebook/btnNext.html]
[www.inkthemesdemo.com/wptheme/marriage-hall-wordpress-theme/wp-content/themes/butterbelly-pro/assets/images/prettyPhoto/facebook/btnPrevious.html]
[www.inkthemesdemo.com/wptheme/marriage-hall-wordpress-theme/wp-content/themes/butterbelly-pro/assets/images/prettyPhoto/facebook/contentPatternBottom.html]
[www.inkthemesdemo.com/wptheme/marriage-hall-wordpress-theme/wp-content/themes/butterbelly-pro/assets/images/prettyPhoto/facebook/default_thumbnail.html]
[www.inkthemesdemo.com/wptheme/marriage-hall-wordpress-theme/wp-content/themes/butterbelly-pro/assets/fonts/museo100-regular_0.svg]
[www.inkthemesdemo.com/wptheme/marriage-hall-wordpress-theme/wp-content/themes/butterbelly-pro/assets/fonts/museo300-regular_0-webfont.svg]
[www.inkthemesdemo.com/wptheme/marriage-hall-wordpress-theme/wp-content/themes/butterbelly-pro/assets/fonts/museo500-regular_0.svg]
[www.inkthemesdemo.com/wptheme/marriage-hall-wordpress-theme/wp-content/themes/butterbelly-pro/assets/images/shadow-index.html]
[www.inkthemesdemo.com/wptheme/marriage-hall-wordpress-theme/wp-content/themes/butterbelly-pro/assets/images/loader.html]
[www.inkthemesdemo.com/wptheme/marriage-hall-wordpress-theme/wp-content/themes/butterbelly-pro/assets/images/headingsep.html]
[www.inkthemesdemo.com/wptheme/marriage-hall-wordpress-theme/wp-content/themes/butterbelly-pro/assets/images/view_photo.html]
[www.inkthemesdemo.com/wptheme/marriage-hall-wordpress-theme/wp-content/themes/butterbelly-pro/assets/images/caption-bg-purple.html]
[www.inkthemesdemo.com/wptheme/marriage-hall-wordpress-theme/wp-content/themes/butterbelly-pro/assets/images/search-purple.html]
[www.inkthemesdemo.com/wptheme/marriage-hall-wordpress-theme/wp-content/themes/butterbelly-pro/assets/images/gall-search-purple.html]
[www.inkthemesdemo.com/wptheme/marriage-hall-wordpress-theme/wp-content/themes/butterbelly-pro/assets/css/button-image/button.html]
[www.inkthemesdemo.com/wptheme/marriage-hall-wordpress-theme/wp-content/themes/butterbelly-pro/assets/css/button-image/button2.html]
[www.inkthemesdemo.com/wptheme/marriage-hall-wordpress-theme/wp-content/themes/butterbelly-pro/assets/css/button-image/bluebutton2.html]
[www.inkthemesdemo.com/wptheme/marriage-hall-wordpress-theme/wp-content/themes/butterbelly-pro/assets/css/button-image/pinkbutton2.html]
[www.inkthemesdemo.com/wptheme/marriage-hall-wordpress-theme/wp-content/themes/butterbelly-pro/assets/css/button-image/greenbutton2.html]
[www.inkthemesdemo.com/wptheme/marriage-hall-wordpress-theme/wp-content/themes/butterbelly-pro/assets/css/button-image/brownbutton2.html]
[www.inkthemesdemo.com/wptheme/marriage-hall-wordpress-theme/wp-content/themes/butterbelly-pro/assets/css/button-image/yellowbutton2.html]
[www.inkthemesdemo.com/wptheme/marriage-hall-wordpress-theme/wp-content/themes/butterbelly-pro/assets/css/button-image/pinkbutton.html]
[www.inkthemesdemo.com/wptheme/marriage-hall-wordpress-theme/wp-content/themes/butterbelly-pro/assets/css/button-image/greenbutton.html]
[www.inkthemesdemo.com/wptheme/marriage-hall-wordpress-theme/wp-content/themes/butterbelly-pro/assets/css/button-image/brownbutton.html]
[www.inkthemesdemo.com/wptheme/marriage-hall-wordpress-theme/wp-content/themes/butterbelly-pro/assets/css/button-image/yellowbutton.html]
[www.inkthemesdemo.com/wptheme/marriage-hall-wordpress-theme/wp-content/themes/butterbelly-pro/assets/css/button-image/sprite-button.html]
[www.inkthemesdemo.com/wptheme/marriage-hall-wordpress-theme/wp-content/themes/butterbelly-pro/assets/css/assets/images/zoom.html]
[www.inkthemesdemo.com/wptheme/marriage-hall-wordpress-theme/wp-content/themes/butterbelly-pro/assets/css/assets/images/view_photo.html]
[www.inkthemesdemo.com/wptheme/marriage-hall-wordpress-theme/index49a5.html]
[www.inkthemesdemo.com/wptheme/marriage-hall-wordpress-theme/category/love/index.html]
[www.inkthemesdemo.com/wptheme/marriage-hall-wordpress-theme/category/planning/index.html]
[www.inkthemesdemo.com/wptheme/marriage-hall-wordpress-theme/category/specials/index.html]
[www.inkthemesdemo.com/wptheme/marriage-hall-wordpress-theme/category/the-proposal/index.html]
[www.inkthemesdemo.com/wptheme/marriage-hall-wordpress-theme/category/love/feed/index.html]
[www.inkthemesdemo.com/wptheme/marriage-hall-wordpress-theme/category/the-wedding-day/index.html]
[www.inkthemesdemo.com/wptheme/marriage-hall-wordpress-theme/category/planning/feed/index.html]
[www.inkthemesdemo.com/wptheme/marriage-hall-wordpress-theme/category/specials/feed/index.html]
[www.inkthemesdemo.com/wptheme/marriage-hall-wordpress-theme/index0735.html]
[www.inkthemesdemo.com/wptheme/marriage-hall-wordpress-theme/category/the-proposal/feed/index.html]
[www.inkthemesdemo.com/wptheme/marriage-hall-wordpress-theme/category/the-wedding-day/feed/index.html]
[www.inkthemesdemo.com/wptheme/marriage-hall-wordpress-theme/wp-json/oembed/1.0/embedd69a.json]
[www.inkthemesdemo.com/wptheme/marriage-hall-wordpress-theme/sample-page/index.html]
[www.inkthemesdemo.com/wptheme/marriage-hall-wordpress-theme/index0b69.html]
[www.inkthemesdemo.com/wptheme/marriage-hall-wordpress-theme/index0e62.html]
[www.inkthemesdemo.com/wptheme/marriage-hall-wordpress-theme/index2df4.html]
[www.inkthemesdemo.com/wptheme/marriage-hall-wordpress-theme/blog/page/2/index.html]
[www.inkthemesdemo.com/wptheme/marriage-hall-wordpress-theme/index64b4.html]
[www.inkthemesdemo.com/wptheme/marriage-hall-wordpress-theme/gallery/index1e57.html]
[www.inkthemesdemo.com/wptheme/marriage-hall-wordpress-theme/gallery/index4d4c.html]
[www.inkthemesdemo.com/wptheme/marriage-hall-wordpress-theme/gallery/index9458.html]
[www.inkthemesdemo.com/wptheme/marriage-hall-wordpress-theme/wp-json/oembed/1.0/embed4d31]
[www.inkthemesdemo.com/wptheme/marriage-hall-wordpress-theme/gallery/index1d4b.html]
[www.inkthemesdemo.com/wptheme/marriage-hall-wordpress-theme/gallery/gallery-1/index.html]
[www.inkthemesdemo.com/wptheme/marriage-hall-wordpress-theme/gallery/gallery-2/index.html]
[www.inkthemesdemo.com/wptheme/marriage-hall-wordpress-theme/gallery/indexd099.html]
[www.inkthemesdemo.com/wptheme/marriage-hall-wordpress-theme/gallery/indexf4b6.html]
[www.inkthemesdemo.com/wptheme/marriage-hall-wordpress-theme/gallery/gallery-3/index.html]
[www.inkthemesdemo.com/wptheme/marriage-hall-wordpress-theme/gallery/gallery-4/index.html]
[www.inkthemesdemo.com/wptheme/marriage-hall-wordpress-theme/gallery/index783e.html]
[www.inkthemesdemo.com/wptheme/marriage-hall-wordpress-theme/gallery/indexa276.html]
[www.inkthemesdemo.com/wptheme/marriage-hall-wordpress-theme/gallery/gallery-6/index.html]
[www.inkthemesdemo.com/wptheme/marriage-hall-wordpress-theme/gallery/index1c51.html]
[www.inkthemesdemo.com/wptheme/marriage-hall-wordpress-theme/gallery/gallery-5/index.html]
[www.inkthemesdemo.com/wptheme/marriage-hall-wordpress-theme/gallery/index46ae.html]
[www.inkthemesdemo.com/wptheme/marriage-hall-wordpress-theme/gallery/gallery-7/index.html]
[www.inkthemesdemo.com/wptheme/marriage-hall-wordpress-theme/gallery/gallery-8/index.html]
[www.inkthemesdemo.com/wptheme/marriage-hall-wordpress-theme/gallery/index40cb.html]
[www.inkthemesdemo.com/wptheme/marriage-hall-wordpress-theme/gallery/indexe1cb.html]
[www.inkthemesdemo.com/wptheme/marriage-hall-wordpress-theme/gallery/gallery-9/index.html]
[www.inkthemesdemo.com/wptheme/marriage-hall-wordpress-theme/index678b.html]
[www.inkthemesdemo.com/wptheme/marriage-hall-wordpress-theme/index5c90.html]
[www.inkthemesdemo.com/wptheme/marriage-hall-wordpress-theme/index49b1.html]
[www.inkthemesdemo.com/wptheme/marriage-hall-wordpress-theme/index8320.html]
[www.inkthemesdemo.com/wptheme/marriage-hall-wordpress-theme/author/admin/page/2/index.html]
[www.inkthemesdemo.com/wptheme/marriage-hall-wordpress-theme/indexb93f.html]
[www.inkthemesdemo.com/wptheme/marriage-hall-wordpress-theme/index905b.html]
[www.inkthemesdemo.com/wptheme/marriage-hall-wordpress-theme/gallery/gallery-10/index.html]
[www.inkthemesdemo.com/wptheme/marriage-hall-wordpress-theme/gallery/gallery-11/index.html]
[www.inkthemesdemo.com/wptheme/marriage-hall-wordpress-theme/gallery/gallery-12/index.html]
[www.inkthemesdemo.com/wptheme/marriage-hall-wordpress-theme/wp-json/oembed/1.0/embedc50c.json]
[www.inkthemesdemo.com/wptheme/marriage-hall-wordpress-theme/gallery/gallery-1/feed/index.html]
[www.inkthemesdemo.com/wptheme/marriage-hall-wordpress-theme/wp-json/oembed/1.0/embedc1c1]
[www.inkthemesdemo.com/wptheme/marriage-hall-wordpress-theme/wp-content/uploads/sites/591/2016/08/Gallery-2-150x150.jpg]
[www.inkthemesdemo.com/wptheme/marriage-hall-wordpress-theme/gallery/gallery-1/index.html]
[www.inkthemesdemo.com/wptheme/marriage-hall-wordpress-theme/author/index.html]
[www.inkthemesdemo.com/wptheme/marriage-hall-wordpress-theme/wp-json/oembed/1.0/embed9f00.json]
[www.inkthemesdemo.com/wptheme/marriage-hall-wordpress-theme/gallery/gallery-2/feed/index.html]
[www.inkthemesdemo.com/wptheme/marriage-hall-wordpress-theme/wp-json/oembed/1.0/embeda196]
[www.inkthemesdemo.com/wptheme/marriage-hall-wordpress-theme/wp-content/uploads/sites/591/2016/08/Gallery-1-150x150.jpg]
[www.inkthemesdemo.com/wptheme/marriage-hall-wordpress-theme/wp-content/uploads/sites/591/2016/08/Gallery-3-150x150.jpg]
[www.inkthemesdemo.com/wptheme/marriage-hall-wordpress-theme/gallery/gallery-2/index.html]
[www.inkthemesdemo.com/wptheme/marriage-hall-wordpress-theme/wp-json/oembed/1.0/embedfc8e.json]
[www.inkthemesdemo.com/wptheme/marriage-hall-wordpress-theme/gallery/gallery-3/feed/index.html]
[www.inkthemesdemo.com/wptheme/marriage-hall-wordpress-theme/wp-json/oembed/1.0/embedf5c6]
[www.inkthemesdemo.com/wptheme/marriage-hall-wordpress-theme/wp-content/uploads/sites/591/2016/08/Gallery-4-150x150.jpg]
[www.inkthemesdemo.com/wptheme/marriage-hall-wordpress-theme/gallery/gallery-3/index.html]
[www.inkthemesdemo.com/wptheme/marriage-hall-wordpress-theme/wp-json/oembed/1.0/embedc4f9.json]
[www.inkthemesdemo.com/wptheme/marriage-hall-wordpress-theme/gallery/gallery-4/feed/index.html]
[www.inkthemesdemo.com/wptheme/marriage-hall-wordpress-theme/wp-json/oembed/1.0/embede8dc]
[www.inkthemesdemo.com/wptheme/marriage-hall-wordpress-theme/wp-content/uploads/sites/591/2016/08/Gallery-5-150x150.jpg]
[www.inkthemesdemo.com/wptheme/marriage-hall-wordpress-theme/gallery/gallery-4/index.html]
[www.inkthemesdemo.com/wptheme/marriage-hall-wordpress-theme/wp-json/oembed/1.0/embedcbd6.json]
[www.inkthemesdemo.com/wptheme/marriage-hall-wordpress-theme/gallery/gallery-5/feed/index.html]
[www.inkthemesdemo.com/wptheme/marriage-hall-wordpress-theme/wp-json/oembed/1.0/embed23af]
[www.inkthemesdemo.com/wptheme/marriage-hall-wordpress-theme/wp-content/uploads/sites/591/2016/08/Gallery-6-150x150.jpg]
[www.inkthemesdemo.com/wptheme/marriage-hall-wordpress-theme/gallery/gallery-5/index.html]
[www.inkthemesdemo.com/wptheme/marriage-hall-wordpress-theme/wp-json/oembed/1.0/embede09a.json]
[www.inkthemesdemo.com/wptheme/marriage-hall-wordpress-theme/gallery/gallery-6/feed/index.html]
[www.inkthemesdemo.com/wptheme/marriage-hall-wordpress-theme/wp-json/oembed/1.0/embedd9e2]
[www.inkthemesdemo.com/wptheme/marriage-hall-wordpress-theme/wp-content/uploads/sites/591/2016/08/Gallery-7-150x150.jpg]
[www.inkthemesdemo.com/wptheme/marriage-hall-wordpress-theme/gallery/gallery-6/index.html]
[www.inkthemesdemo.com/wptheme/marriage-hall-wordpress-theme/wp-json/oembed/1.0/embed1ba1.json]
[www.inkthemesdemo.com/wptheme/marriage-hall-wordpress-theme/gallery/gallery-7/feed/index.html]
[www.inkthemesdemo.com/wptheme/marriage-hall-wordpress-theme/wp-json/oembed/1.0/embed63f0]
[www.inkthemesdemo.com/wptheme/marriage-hall-wordpress-theme/wp-content/uploads/sites/591/2016/08/Gallery-8-150x150.jpg]
[www.inkthemesdemo.com/wptheme/marriage-hall-wordpress-theme/gallery/gallery-7/index.html]
[www.inkthemesdemo.com/wptheme/marriage-hall-wordpress-theme/wp-json/oembed/1.0/embed2fba.json]
[www.inkthemesdemo.com/wptheme/marriage-hall-wordpress-theme/gallery/gallery-8/feed/index.html]
[www.inkthemesdemo.com/wptheme/marriage-hall-wordpress-theme/wp-json/oembed/1.0/embed45f7]
[www.inkthemesdemo.com/wptheme/marriage-hall-wordpress-theme/wp-content/uploads/sites/591/2016/08/Gallery-9-150x150.jpg]
[www.inkthemesdemo.com/wptheme/marriage-hall-wordpress-theme/gallery/gallery-8/index.html]
[www.inkthemesdemo.com/wptheme/marriage-hall-wordpress-theme/wp-json/oembed/1.0/embed1eaa.json]
[www.inkthemesdemo.com/wptheme/marriage-hall-wordpress-theme/gallery/gallery-9/feed/index.html]
[www.inkthemesdemo.com/wptheme/marriage-hall-wordpress-theme/wp-json/oembed/1.0/embede01a]
[www.inkthemesdemo.com/wptheme/marriage-hall-wordpress-theme/wp-content/uploads/sites/591/2016/08/Gallery-10-150x150.jpg]
[www.inkthemesdemo.com/wptheme/marriage-hall-wordpress-theme/gallery/gallery-9/index.html]
[www.inkthemesdemo.com/wptheme/marriage-hall-wordpress-theme/wp-json/oembed/1.0/embedfcdf.json]
[www.inkthemesdemo.com/wptheme/marriage-hall-wordpress-theme/gallery/gallery-10/feed/index.html]
[www.inkthemesdemo.com/wptheme/marriage-hall-wordpress-theme/wp-json/oembed/1.0/embed2d1e]
[www.inkthemesdemo.com/wptheme/marriage-hall-wordpress-theme/wp-content/uploads/sites/591/2016/08/Gallery-11-150x150.jpg]
[www.inkthemesdemo.com/wptheme/marriage-hall-wordpress-theme/gallery/gallery-10/index.html]
[www.inkthemesdemo.com/wptheme/marriage-hall-wordpress-theme/wp-json/oembed/1.0/embed15f1.json]
[www.inkthemesdemo.com/wptheme/marriage-hall-wordpress-theme/gallery/gallery-11/feed/index.html]
[www.inkthemesdemo.com/wptheme/marriage-hall-wordpress-theme/wp-json/oembed/1.0/embed4297]
[www.inkthemesdemo.com/wptheme/marriage-hall-wordpress-theme/wp-content/uploads/sites/591/2016/08/Gallery-12-150x150.jpg]
[www.inkthemesdemo.com/wptheme/marriage-hall-wordpress-theme/gallery/gallery-11/index.html]
[www.inkthemesdemo.com/wptheme/marriage-hall-wordpress-theme/wp-json/oembed/1.0/embedb551.json]
[www.inkthemesdemo.com/wptheme/marriage-hall-wordpress-theme/gallery/gallery-12/feed/index.html]
[www.inkthemesdemo.com/wptheme/marriage-hall-wordpress-theme/gallery/gallery-12/index.html]
[www.inkthemesdemo.com/wptheme/marriage-hall-wordpress-theme/index341b.html]
[www.inkthemesdemo.com/wptheme/marriage-hall-wordpress-theme/author/index.html]
[www.inkthemesdemo.com/wptheme/marriage-hall-wordpress-theme/index3965.html]
[www.inkthemesdemo.com/wptheme/marriage-hall-wordpress-theme/index0345.html]
[www.inkthemesdemo.com/wptheme/marriage-hall-wordpress-theme/index40a0.html]
[www.inkthemesdemo.com/wptheme/marriage-hall-wordpress-theme/index2cf9.html]
[www.inkthemesdemo.com/wptheme/marriage-hall-wordpress-theme/index970c.html]
[www.inkthemesdemo.com/wptheme/marriage-hall-wordpress-theme/index88b9.html]
[www.inkthemesdemo.com/wptheme/marriage-hall-wordpress-theme/index1c4a.html]
[www.inkthemesdemo.com/wptheme/marriage-hall-wordpress-theme/index3c55.html]
[www.inkthemesdemo.com/wptheme/marriage-hall-wordpress-theme/index9cd7.html]
[www.inkthemesdemo.com/wptheme/marriage-hall-wordpress-theme/index5643.html]
[www.inkthemesdemo.com/wptheme/marriage-hall-wordpress-theme/indexc7e3.html]
[www.inkthemesdemo.com/wptheme/marriage-hall-wordpress-theme/wp-json/oembed/1.0/embed498a]
